2 89 13 61 22 51 47 30 56 24 11 65 39 44 26 52 67 91 36 93 54 35 78 84 88 3 79 41 95 80 64 90 34 28 40 70 85 
59 15 13 8 19 95 29 46 45 90 83 61 32 27 34 48 52 26 47 69 43 97 88 79 62 51 4 73 2 11 77 37 68 23 55 80 63 81 53 
62 86 79 10 35 6 91 69 100 68 32 70 47 75 7 97 59 16 71 44 96 77 78 1 8 36 55 50 45 14 60 15 93 87 66 20 39 
11 75 77 4 96 46 30 67 41 7 72 45 24 22 89 51 28 70 71 80 65 6 97 29 76 42 95 54 8 13 81 50 31 79 5 27 68 
59 72 33 50 32 55 84 79 27 56 81 38 20 78 34 86 26 36 16 67 52 47 39 65 45 24 91 21 99 89 90 4 37 92 35 9 29 66 5 
